../Core/Src/main.c:116:6:HAL_GPIO_EXTI_Rising_Callback	16	static
../Core/Src/main.c:148:5:main	64	static
../Core/Src/main.c:189:7:rot	56	static
../Core/Src/main.c:216:8:inc_XOR	40	static
../Core/Src/main.c:361:6:SystemClock_Config	88	static
../Core/Src/main.c:405:13:MX_ADC1_Init	24	static
../Core/Src/main.c:469:13:MX_TIM1_Init	120	static
../Core/Src/main.c:547:13:MX_TIM2_Init	64	static
../Core/Src/main.c:598:13:MX_DMA_Init	16	static
../Core/Src/main.c:618:13:MX_GPIO_Init	48	static
../Core/Src/main.c:642:6:HAL_ADC_ConvCpltCallback	16	static
../Core/Src/main.c:653:6:Error_Handler	8	static,ignoring_inline_asm
